3 channel Terms of Service accepted
Channels:
 - defaults
Platform: win-64
Collecting package metadata (repodata.json): ...working... done
Solving environment: ...working... done


==> WARNING: A newer version of conda exists. <==
    current version: 26.7.2
    latest version: 26.7.3

Please update conda by running

    $ conda self update



## Package Plan ##

  environment location: D:\PROGRAMM\anaconda3\envs\lab1_terminal

  added / updated specs:
    - streamlit


The following packages will be downloaded:

    package                    |            build
    ---------------------------|-----------------
    altair-6.2.2               |  py312haa95532_0         881 KB
    arrow-cpp-24.0.0           |cuda130_h87cbf62_101         7.3 MB
    aws-c-auth-0.10.3          |       h1c6eee0_0         121 KB
    aws-c-cal-0.9.14           |       h630b2a1_0          58 KB
    aws-c-common-0.14.0        |       h1c6eee0_0         241 KB
    aws-c-compression-0.3.2    |       h1c6eee0_1          29 KB
    aws-c-event-stream-0.7.1   |       he5dcde6_0          62 KB
    aws-c-http-0.11.0          |       h1c6eee0_1         201 KB
    aws-c-io-0.26.3            |       h1c6eee0_2         173 KB
    aws-c-mqtt-0.15.2          |       h1c6eee0_1         202 KB
    aws-c-s3-0.12.5            |       h1c6eee0_0         135 KB
    aws-c-sdkutils-0.2.4       |       h1c6eee0_3          61 KB
    aws-checksums-0.2.10       |       h1c6eee0_1         122 KB
    aws-crt-cpp-0.40.1         |       h25330d1_0         336 KB
    aws-sdk-cpp-1.11.826       |       hbc24388_0        17.5 MB
    c-ares-1.34.8              |       h2c209ce_0         200 KB
    click-8.5.0                |  py312haa95532_0         377 KB
    cuda-version-13.0          |       h8445db7_3          19 KB
    gflags-2.3.1               |       h5d1cb46_1         226 KB
    httptools-0.8.0            |  py312h1c6eee0_0          87 KB
    itsdangerous-2.2.0         |  py312haa95532_0          36 KB
    libabseil-20260526.0       | cxx17_h4cdcee1_0         1.9 MB
    libboost-1.88.0            |       h393202a_2         2.3 MB
    libcurl-8.22.0             |       h9440e04_0         457 KB
    libgrpc-1.83.0             |       h2e8e991_0        11.5 MB
    libprotobuf-7.35.1         |       hb5abd84_0         6.9 MB
    libre2-11-2025.11.05       |       hd7fb8db_2         267 KB
    libssh2-1.11.1             |       hc5b269c_1         292 KB
    libthrift-0.23.0           |       h13dd9f2_0         540 KB
    libutf8proc-2.11.3         |       hd3ee48b_1          93 KB
    orc-2.2.0                  |       h1e45922_3         1.1 MB
    protobuf-7.35.1            |  py312h854c0a0_0         474 KB
    pyarrow-24.0.0             |cuda130_py312hdabbf72_100         4.5 MB
    python-multipart-0.0.32    |  py312haa95532_0          74 KB
    re2-2025.11.05             |       hca2749c_2         217 KB
    starlette-1.3.1            |  py312haa95532_0         175 KB
    streamlit-1.64.0           |  py312haa95532_0         9.0 MB
    uvicorn-0.52.4             |  py312haa95532_0         179 KB
    watchdog-6.0.0             |  py312haa95532_0         181 KB
    websockets-16.0            |  py312h1c6eee0_0         358 KB
    ------------------------------------------------------------
                                           Total:        68.7 MB

The following NEW packages will be INSTALLED:

  altair             pkgs/main/win-64::altair-6.2.2-py312haa95532_0 
  arrow-cpp          pkgs/main/win-64::arrow-cpp-24.0.0-cuda130_h87cbf62_101 
  aws-c-auth         pkgs/main/win-64::aws-c-auth-0.10.3-h1c6eee0_0 
  aws-c-cal          pkgs/main/win-64::aws-c-cal-0.9.14-h630b2a1_0 
  aws-c-common       pkgs/main/win-64::aws-c-common-0.14.0-h1c6eee0_0 
  aws-c-compression  pkgs/main/win-64::aws-c-compression-0.3.2-h1c6eee0_1 
  aws-c-event-stream pkgs/main/win-64::aws-c-event-stream-0.7.1-he5dcde6_0 
  aws-c-http         pkgs/main/win-64::aws-c-http-0.11.0-h1c6eee0_1 
  aws-c-io           pkgs/main/win-64::aws-c-io-0.26.3-h1c6eee0_2 
  aws-c-mqtt         pkgs/main/win-64::aws-c-mqtt-0.15.2-h1c6eee0_1 
  aws-c-s3           pkgs/main/win-64::aws-c-s3-0.12.5-h1c6eee0_0 
  aws-c-sdkutils     pkgs/main/win-64::aws-c-sdkutils-0.2.4-h1c6eee0_3 
  aws-checksums      pkgs/main/win-64::aws-checksums-0.2.10-h1c6eee0_1 
  aws-crt-cpp        pkgs/main/win-64::aws-crt-cpp-0.40.1-h25330d1_0 
  aws-sdk-cpp        pkgs/main/win-64::aws-sdk-cpp-1.11.826-hbc24388_0 
  c-ares             pkgs/main/win-64::c-ares-1.34.8-h2c209ce_0 
  click              pkgs/main/win-64::click-8.5.0-py312haa95532_0 
  cuda-version       pkgs/main/noarch::cuda-version-13.0-h8445db7_3 
  gflags             pkgs/main/win-64::gflags-2.3.1-h5d1cb46_1 
  glog               pkgs/main/win-64::glog-0.7.1-h5c3225e_0 
  httptools          pkgs/main/win-64::httptools-0.8.0-py312h1c6eee0_0 
  itsdangerous       pkgs/main/win-64::itsdangerous-2.2.0-py312haa95532_0 
  libabseil          pkgs/main/win-64::libabseil-20260526.0-cxx17_h4cdcee1_0 
  libboost           pkgs/main/win-64::libboost-1.88.0-h393202a_2 
  libbrotlicommon    pkgs/main/win-64::libbrotlicommon-1.2.0-h907acca_0 
  libbrotlidec       pkgs/main/win-64::libbrotlidec-1.2.0-h02c67a5_0 
  libbrotlienc       pkgs/main/win-64::libbrotlienc-1.2.0-h483e6b9_0 
  libcurl            pkgs/main/win-64::libcurl-8.22.0-h9440e04_0 
  libgrpc            pkgs/main/win-64::libgrpc-1.83.0-h2e8e991_0 
  libprotobuf        pkgs/main/win-64::libprotobuf-7.35.1-hb5abd84_0 
  libre2-11          pkgs/main/win-64::libre2-11-2025.11.05-hd7fb8db_2 
  libssh2            pkgs/main/win-64::libssh2-1.11.1-hc5b269c_1 
  libthrift          pkgs/main/win-64::libthrift-0.23.0-h13dd9f2_0 
  libutf8proc        pkgs/main/win-64::libutf8proc-2.11.3-hd3ee48b_1 
  orc                pkgs/main/win-64::orc-2.2.0-h1e45922_3 
  protobuf           pkgs/main/win-64::protobuf-7.35.1-py312h854c0a0_0 
  pyarrow            pkgs/main/win-64::pyarrow-24.0.0-cuda130_py312hdabbf72_100 
  python-multipart   pkgs/main/win-64::python-multipart-0.0.32-py312haa95532_0 
  re2                pkgs/main/win-64::re2-2025.11.05-hca2749c_2 
  snappy             pkgs/main/win-64::snappy-1.2.2-hab6b7b3_1 
  starlette          pkgs/main/win-64::starlette-1.3.1-py312haa95532_0 
  streamlit          pkgs/main/win-64::streamlit-1.64.0-py312haa95532_0 
  toml               pkgs/main/noarch::toml-0.10.2-pyhd3eb1b0_1 
  uvicorn            pkgs/main/win-64::uvicorn-0.52.4-py312haa95532_0 
  watchdog           pkgs/main/win-64::watchdog-6.0.0-py312haa95532_0 
  websockets         pkgs/main/win-64::websockets-16.0-py312h1c6eee0_0 



Downloading and Extracting Packages: ...working... done
Preparing transaction: ...working... done
Verifying transaction: ...working... done
Executing transaction: ...working... done
WARNING conda.conda_pypi.main:notify_externally_managed_future(156): 
  Did you know? You can install many PyPI packages with conda
  using the conda-pypi beta. Get started:
    https://docs.conda.io/projects/conda/en/stable/new-features.html

